
There are no discarded input sections

Memory Configuration

Name             Origin             Length             Attributes
FLASH            0x08000000         0x00080000         xr
SRAM             0x20000000         0x00020000         xrw
*default*        0x00000000         0xffffffff

Linker script and memory map

LOAD object/kmath.o
LOAD object/kfloat.o
LOAD object/cm4.o
LOAD object/mcu_info.o
LOAD object/kstring.o
LOAD object/kmain.o
LOAD object/stm32_startup.o
LOAD object/sys_clock.o
LOAD object/sys_usart.o
LOAD object/sys_gpio.o
LOAD object/kstdio.o
LOAD object/sys_init.o
LOAD object/unistd.o
LOAD object/times.o
LOAD object/kunistd.o
LOAD object/ktimes.o
LOAD object/syscall.o
LOAD object/serial_lin.o
LOAD object/UsartRingBuffer.o
LOAD object/debug.o
LOAD object/timer.o
LOAD object/sys_err.o
LOAD object/sys_rtc.o

.text           0x08000000     0x5704
                0x08000000                        _stext = .
 *(.isr_vector)
 .isr_vector    0x08000000      0x1c4 object/stm32_startup.o
                0x08000000                NVIC_VECTOR
 *(.text)
 .text          0x080001c4       0x4e object/kmath.o
                0x080001c4                __pow
 *fill*         0x08000212        0x2 
 .text          0x08000214      0xed4 object/kfloat.o
                0x08000214                __aeabi_f2d
                0x080002da                __aeabi_d2f
                0x08000362                __aeabi_d2iz
                0x080003f2                __aeabi_d2i
                0x08000482                get_decimal_part
                0x0800056c                __aeabi_ui2d
                0x080005ec                __aeabi_d2uiz
                0x08000662                __aeabi_dsub
                0x08000922                __aeabi_dmul
                0x08000ad4                __aeabi_dadd
                0x08000d82                __aeabi_d2ulz
                0x08000e00                __aeabi_ddiv
                0x080010a8                __aeabi_dcmpeq
 .text          0x080010e8      0x258 object/cm4.o
                0x080010e8                __SysTick_init
                0x08001134                SysTickIntDisable
                0x08001154                SysTickIntEnable
                0x08001174                __SysTick_enable
                0x08001194                __sysTick_disable
                0x080011b4                __getSysTickCount
                0x080011cc                __updateSysTick
                0x080011ec                __getTime
                0x08001204                __get__Second
                0x08001228                __get__Minute
                0x0800124c                __get__Hour
                0x08001270                SysTick_Handler
                0x0800128c                __enable_fpu
                0x080012b0                ms_delay
                0x080012e4                getmsTick
                0x080012fc                wait_until
                0x08001330                SYS_SLEEP_WFI
 .text          0x08001340      0x1a8 object/mcu_info.o
                0x08001340                show_system_info
                0x080013ec                store_product_id
                0x080014d4                get_product_id
 .text          0x080014e8      0x914 object/kstring.o
                0x080014e8                __str_to_num
                0x080015ca                __reverse_str
                0x08001628                __strlen
                0x08001656                convert
                0x080016d4                convertu32
                0x0800172c                float2str
                0x080017f8                str2float
                0x080018fa                kmemset
                0x08001946                StrCat
                0x08001990                strcopy
                0x080019ca                clear_str
                0x08001a08                strncopy
                0x08001a5a                strn4mcopy
                0x08001aa8                byte_to_hex
                0x08001b1c                show_byte_hex_str
                0x08001b5c                show_byte_stream_hex
                0x08001b9c                strcomp
                0x08001bec                strncopy_cmd
                0x08001c3a                uint16_to_str
                0x08001d8c                strCat_n_to_m
 .text          0x08001dfc      0x154 object/kmain.o
                0x08001dfc                kmain
 .text          0x08001f50      0x128 object/stm32_startup.o
                0x08001f50                Reset_Handler
                0x08002008                RTC_WKUP_Handler
                0x08002008                FLASH_Handler
                0x08002008                DMA2_Stream7_Handler
                0x08002008                OTG_HS_Handler
                0x08002008                DMA2_Stream3_Handler
                0x08002008                USART3_Handler
                0x08002008                PendSV_Handler
                0x08002008                NMI_Handler
                0x08002008                SAI1_Handler
                0x08002008                TIM6_DAC_Handler
                0x08002008                CAN1_RX1_Handler
                0x08002008                EXTI15_10_Handler
                0x08002008                ADC_Handler
                0x08002008                I2C1_EV_Handler
                0x08002008                TAMP_STAMP_Handler
                0x08002008                I2C3_ER_Handler
                0x08002008                WWDG_Handler
                0x08002008                EXTI4_Handler
                0x08002008                I2C3_EV_Handler
                0x08002008                DMA1_Stream1_Handler
                0x08002008                DMA2_Stream4_Handler
                0x08002008                DMA1_Stream7_Handler
                0x08002008                OTG_FS_Handler
                0x08002008                TIM1_BRK_TIM9_Handler
                0x08002008                I2C1_ER_Handler
                0x08002008                DMA1_Stream3_Handler
                0x08002008                UsageFault_Handler
                0x08002008                TIM1_UP_TIM10_Handler
                0x08002008                CAN1_RX0_Handler
                0x08002008                TIM1_CC_Handler
                0x08002008                I2C2_ER_Handler
                0x08002008                TIM8_CC_Handler
                0x08002008                HDMI_CEC_Handler
                0x08002008                SAI2_Handler
                0x08002008                CAN1_SCE_Handler
                0x08002008                DMA1_Stream0_Handler
                0x08002008                OTG_HS_EP1_OUT_Handler
                0x08002008                EXTI1_Handler
                0x08002008                FMC_Handler
                0x08002008                EXTI3_Handler
                0x08002008                EXTI2_Handler
                0x08002008                UART4_Handler
                0x08002008                CAN2_RX1_Handler
                0x08002008                EXTI9_5_Handler
                0x08002008                USART1_Handler
                0x08002008                CAN2_SCE_Handler
                0x08002008                TIM3_Handler
                0x08002008                DMA2_Stream6_Handler
                0x08002008                Default_Handler
                0x08002008                DCMI_Handler
                0x08002008                TIM1_TRG_COM_TIM11_Handler
                0x08002008                RTC_Alarm_Handler
                0x08002008                TIM4_Handler
                0x08002008                TIM8_UP_TIM13_Handler
                0x08002008                CAN2_TX_Handler
                0x08002008                SPI2_Handler
                0x08002008                DMA2_Stream1_Handler
                0x08002008                DMA1_Stream2_Handler
                0x08002008                EXTI0_Handler
                0x08002008                TIM8_BRK_TIM12_Handler
                0x08002008                CAN2_RX0_Handler
                0x08002008                DMA2_Stream5_Handler
                0x08002008                DMA1_Stream6_Handler
                0x08002008                SDIO_Handler
                0x08002008                FMPI2C1_ERR_Handler
                0x08002008                SPI1_Handler
                0x08002008                I2C2_EV_Handler
                0x08002008                SPDIF_Rx_Handler
                0x08002008                DMA2_Stream2_Handler
                0x08002008                SPI3_Handler
                0x08002008                DMA2_Stream0_Handler
                0x08002008                RCC_Handler
                0x08002008                PVD_Handler
                0x08002008                UART5_Handler
                0x08002008                DMA1_Stream5_Handler
                0x08002008                TIM5_Handler
                0x08002008                QuadSPI_Handler
                0x08002008                TIM7_Handler
                0x08002008                TIM8_TRG_COM_TIM14_Handler
                0x08002008                CAN1_TX_Handler
                0x08002008                FPU_Handler
                0x08002008                FMPI2C1_Handler
                0x08002008                DMA1_Stream4_Handler
                0x08002008                DebugMonitor_Handler
                0x08002008                OTG_HS_WKUP_Handler
                0x08002008                OTG_FS_WKUP_Handler
                0x08002008                SPI4_Handler
                0x08002008                OTG_HS_EP1_IN_Handler
                0x08002010                HardFault_Handler
                0x08002018                MemManage_Handler
                0x08002020                BusFault_Handler
                0x08002028                SVCall_Handler
 .text          0x08002078      0x308 object/sys_clock.o
                0x08002078                __init_sys_clock
                0x08002144                __APB1CLK_FREQ
                0x080021c0                __APB2CLK_FREQ
                0x0800223c                __PLL_SYS_CLK
                0x080022d4                __AHB_CLK
 .text          0x08002380      0x584 object/sys_usart.o
                0x08002430                UART_Init
                0x080024ca                UART_DeInit
                0x08002538                UART_BRR_SAMPLING16
                0x080026cc                UART_MspInit
 .text          0x08002904      0x5bc object/sys_gpio.o
                0x08002904                GPIO_WritePin
                0x08002936                GPIO_Init
                0x08002c3c                GPIO_DeInit
                0x08002e24                SPI_GPIOInit
 .text          0x08002ec0      0x614 object/kstdio.o
                0x08002ec0                kprintf
                0x08003288                putstr
                0x080032d4                kscanf
 .text          0x080034d4      0x140 object/sys_init.o
                0x0800351c                __sys_init
                0x080035d8                SYS_ROUTINE
                0x080035e4                display_group_info
 .text          0x08003614        0x0 object/unistd.o
 .text          0x08003614        0x0 object/times.o
 .text          0x08003614      0x1e8 object/kunistd.o
                0x08003614                read
                0x0800364e                write
                0x08003688                sys_read
                0x08003778                sys_write
 .text          0x080037fc        0x0 object/ktimes.o
 .text          0x080037fc       0xa4 object/syscall.o
                0x080037fc                syscall
 .text          0x080038a0      0x1b8 object/serial_lin.o
                0x080038a0                SerialLin2_init
                0x08003938                SerialLin6_init
                0x080039d0                USART2_Handler
                0x080039e4                USART6_Handler
                0x080039f8                noIntWrite
                0x08003a28                noIntSendString
 .text          0x08003a58      0xb7c object/UsartRingBuffer.o
                0x08003a58                Ringbuf_init
                0x08003af2                Look_for
                0x08003b92                GetDataFromBuffer
                0x08003cd2                Uart_flush
                0x08003d0e                Uart_peek
                0x08003d88                Uart_read
                0x08003e28                Uart_write
                0x08003ee0                IsDataAvailable
                0x08003f64                Get_after
                0x08003fc2                Uart_sendstring
                0x08003ff0                Uart_printbase
                0x08004088                Copy_upto
                0x08004188                Wait_for
                0x08004274                look_for_frame
                0x080043da                Uart_isr
                0x080044e8                update_tail
                0x0800454e                debug_buffer
 .text          0x080045d4      0x110 object/debug.o
                0x080045d4                __debugRamUsage
                0x08004620                __digitalWriteDebugButton
                0x0800467c                __digitalReadDebugButton
                0x080046ac                __alalogReadDebug
                0x080046c4                __analogWriteDebug
 .text          0x080046e4      0x228 object/timer.o
                0x08004720                ConfigTimer2ForSystem
                0x0800479c                Delay_micro_second
                0x08004830                Delay
                0x0800485e                getMiliseconds
                0x080048a0                getMicroseconds
                0x080048d0                TIM2_Handler
 .text          0x0800490c       0x14 object/sys_err.o
                0x0800490c                Error_Handler
 .text          0x08004920      0x364 object/sys_rtc.o
                0x08004920                SYS_RTC_init
                0x08004bc8                get_timeofDay
 *(.rodata)
 .rodata        0x08004c84       0x64 object/mcu_info.o
 .rodata        0x08004ce8        0x6 object/kstring.o
 *fill*         0x08004cee        0x2 
 .rodata        0x08004cf0      0x1b2 object/kmain.o
 *fill*         0x08004ea2        0x2 
 .rodata        0x08004ea4        0x4 object/stm32_startup.o
                0x08004ea4                STACK_START
 .rodata        0x08004ea8       0x18 object/sys_clock.o
                0x08004ea8                AHBPrescTable
                0x08004eb8                APBPrescTable
 .rodata        0x08004ec0      0x14b object/sys_init.o
 *fill*         0x0800500b        0x1 
 .rodata        0x0800500c      0x6f8 object/syscall.o
                0x080055fc                sys_errlist
                0x08005700                sys_nerr
                0x08005704                        . = ALIGN (0x4)
                0x08005704                        _etext = .
                0x08005704                        _la_data = LOADADDR (.data)

.glue_7         0x08005704        0x0
 .glue_7        0x08005704        0x0 linker stubs

.glue_7t        0x08005704        0x0
 .glue_7t       0x08005704        0x0 linker stubs

.vfp11_veneer   0x08005704        0x0
 .vfp11_veneer  0x08005704        0x0 linker stubs

.v4_bx          0x08005704        0x0
 .v4_bx         0x08005704        0x0 linker stubs

.iplt           0x08005704        0x0
 .iplt          0x08005704        0x0 object/kfloat.o

.rel.dyn        0x08005704        0x0
 .rel.iplt      0x08005704        0x0 object/kfloat.o

.data           0x20000000       0x6c load address 0x08005704
                0x20000000                        _sdata = .
 *(.data)
 .data          0x20000000        0x0 object/kmath.o
 .data          0x20000000        0x0 object/kfloat.o
 .data          0x20000000        0x0 object/cm4.o
 .data          0x20000000        0x0 object/mcu_info.o
 .data          0x20000000       0x61 object/kstring.o
 .data          0x20000061        0x0 object/kmain.o
 .data          0x20000061        0x0 object/stm32_startup.o
 .data          0x20000061        0x0 object/sys_clock.o
 .data          0x20000061        0x0 object/sys_usart.o
 .data          0x20000061        0x0 object/sys_gpio.o
 .data          0x20000061        0x0 object/kstdio.o
 .data          0x20000061        0x0 object/sys_init.o
 .data          0x20000061        0x0 object/unistd.o
 .data          0x20000061        0x0 object/times.o
 .data          0x20000061        0x0 object/kunistd.o
 .data          0x20000061        0x0 object/ktimes.o
 .data          0x20000061        0x0 object/syscall.o
 *fill*         0x20000061        0x3 
 .data          0x20000064        0x8 object/serial_lin.o
                0x20000064                errObj
 .data          0x2000006c        0x0 object/UsartRingBuffer.o
 .data          0x2000006c        0x0 object/debug.o
 .data          0x2000006c        0x0 object/timer.o
 .data          0x2000006c        0x0 object/sys_err.o
 .data          0x2000006c        0x0 object/sys_rtc.o
                0x2000006c                        . = ALIGN (0x4)
                0x2000006c                        _edata = .

.igot.plt       0x2000006c        0x0 load address 0x08005770
 .igot.plt      0x2000006c        0x0 object/kfloat.o

.bss            0x2000006c      0x8f9 load address 0x08005770
                0x2000006c                        _sbss = .
 *(.bss)
 .bss           0x2000006c        0x0 object/kmath.o
 .bss           0x2000006c        0x0 object/kfloat.o
 .bss           0x2000006c        0x4 object/cm4.o
                0x2000006c                tick_counter
 .bss           0x20000070       0x14 object/mcu_info.o
 .bss           0x20000084       0x32 object/kstring.o
 .bss           0x200000b6        0x0 object/kmain.o
 *fill*         0x200000b6        0x2 
 .bss           0x200000b8        0xc object/stm32_startup.o
                0x200000b8                _bss_size
                0x200000bc                _data_size
                0x200000c0                _text_size
 .bss           0x200000c4        0x0 object/sys_clock.o
 .bss           0x200000c4        0x0 object/sys_usart.o
 .bss           0x200000c4        0x0 object/sys_gpio.o
 .bss           0x200000c4        0x0 object/kstdio.o
 .bss           0x200000c4        0x0 object/sys_init.o
 .bss           0x200000c4        0x0 object/unistd.o
 .bss           0x200000c4        0x0 object/times.o
 .bss           0x200000c4        0x0 object/kunistd.o
 .bss           0x200000c4        0x0 object/ktimes.o
 .bss           0x200000c4        0x0 object/syscall.o
 .bss           0x200000c4      0x890 object/serial_lin.o
                0x200000c4                huart2
                0x2000050c                huart6
 .bss           0x20000954        0x0 object/UsartRingBuffer.o
 .bss           0x20000954        0xc object/debug.o
                0x20000958                CURRENT_MSP
                0x2000095c                DEBUG_BUTTON
                0x2000095e                DEBUG_ANALOG_IO
 .bss           0x20000960        0x5 object/timer.o
 .bss           0x20000965        0x0 object/sys_err.o
 .bss           0x20000965        0x0 object/sys_rtc.o
                0x20000965                        _ebss = .
OUTPUT(build/final.elf elf32-littlearm)
LOAD linker stubs

.comment        0x00000000       0x26
 .comment       0x00000000       0x26 object/kmath.o
                                 0x27 (size before relaxing)
 .comment       0x00000026       0x27 object/kfloat.o
 .comment       0x00000026       0x27 object/cm4.o
 .comment       0x00000026       0x27 object/mcu_info.o
 .comment       0x00000026       0x27 object/kstring.o
 .comment       0x00000026       0x27 object/kmain.o
 .comment       0x00000026       0x27 object/stm32_startup.o
 .comment       0x00000026       0x27 object/sys_clock.o
 .comment       0x00000026       0x27 object/sys_usart.o
 .comment       0x00000026       0x27 object/sys_gpio.o
 .comment       0x00000026       0x27 object/kstdio.o
 .comment       0x00000026       0x27 object/sys_init.o
 .comment       0x00000026       0x27 object/unistd.o
 .comment       0x00000026       0x27 object/times.o
 .comment       0x00000026       0x27 object/kunistd.o
 .comment       0x00000026       0x27 object/ktimes.o
 .comment       0x00000026       0x27 object/syscall.o
 .comment       0x00000026       0x27 object/serial_lin.o
 .comment       0x00000026       0x27 object/UsartRingBuffer.o
 .comment       0x00000026       0x27 object/debug.o
 .comment       0x00000026       0x27 object/timer.o
 .comment       0x00000026       0x27 object/sys_err.o
 .comment       0x00000026       0x27 object/sys_rtc.o

.ARM.attributes
                0x00000000       0x32
 .ARM.attributes
                0x00000000       0x32 object/kmath.o
 .ARM.attributes
                0x00000032       0x32 object/kfloat.o
 .ARM.attributes
                0x00000064       0x32 object/cm4.o
 .ARM.attributes
                0x00000096       0x32 object/mcu_info.o
 .ARM.attributes
                0x000000c8       0x32 object/kstring.o
 .ARM.attributes
                0x000000fa       0x32 object/kmain.o
 .ARM.attributes
                0x0000012c       0x32 object/stm32_startup.o
 .ARM.attributes
                0x0000015e       0x32 object/sys_clock.o
 .ARM.attributes
                0x00000190       0x32 object/sys_usart.o
 .ARM.attributes
                0x000001c2       0x32 object/sys_gpio.o
 .ARM.attributes
                0x000001f4       0x32 object/kstdio.o
 .ARM.attributes
                0x00000226       0x32 object/sys_init.o
 .ARM.attributes
                0x00000258       0x32 object/unistd.o
 .ARM.attributes
                0x0000028a       0x32 object/times.o
 .ARM.attributes
                0x000002bc       0x32 object/kunistd.o
 .ARM.attributes
                0x000002ee       0x32 object/ktimes.o
 .ARM.attributes
                0x00000320       0x32 object/syscall.o
 .ARM.attributes
                0x00000352       0x32 object/serial_lin.o
 .ARM.attributes
                0x00000384       0x32 object/UsartRingBuffer.o
 .ARM.attributes
                0x000003b6       0x32 object/debug.o
 .ARM.attributes
                0x000003e8       0x32 object/timer.o
 .ARM.attributes
                0x0000041a       0x32 object/sys_err.o
 .ARM.attributes
                0x0000044c       0x32 object/sys_rtc.o
